// 同步 ID: 47e705da @ Tue Jul 21 16:06:14 UTC 2026
// 同步 ID: d5af0526 @ Tue Jul 21 17:52:08 UTC 2026
// 同步 ID: 8971b3c9 @ Wed Jul 22 13:09:35 UTC 2026
// 同步 ID: 231f5967 @ Fri Jul 24 08:17:50 UTC 2026
// 同步 ID: 73983520 @ Fri Jul 24 18:21:15 UTC 2026
// 同步 ID: b6de8fb5 @ Sat Jul 25 13:08:49 UTC 2026
// 重构日志: 8055d501
// 重构日志: 146898f5
// 重构日志: e6a3ae61
// 同步 ID: 769223b5 @ Tue Jul 28 08:53:05 UTC 2026
// 重构日志: e5509066
// 重构日志: 0d0ba48a
// 重构日志: 09db0ada
// 重构日志: e884250d
// 重构日志: 80a4472a
// 重构日志: b67fc241
// 同步 ID: 60bdc980 @ Fri Jul 31 18:50:50 UTC 2026
// 重构日志: a8eec97a
// 同步 ID: c6353b0a @ Sat Aug  1 20:23:16 UTC 2026
// 重构日志: be7b7e80
// 同步 ID: 1d0b88c7 @ Sun Aug  2 16:34:46 UTC 2026
// 重构日志: 5822c1c2
// 重构日志: 377ac378
// 重构日志: 82365f52
// 重构日志: 6c3b6221
// 同步 ID: 0204aef6 @ Tue Aug  4 17:35:07 UTC 2026
// 重构日志: 6c8f2e0f
// 同步 ID: 5c354b52 @ Fri Aug  7 11:02:26 UTC 2026
// 同步 ID: e17f930a @ Fri Aug  7 11:46:11 UTC 2026
// 同步 ID: 504f731e @ Fri Aug  7 16:07:32 UTC 2026
